[INFO] Scanning for projects...
[INFO] 
[INFO] --------------------------< com.signmeup:api >--------------------------
[INFO] Building  0.0.1-SNAPSHOT
[INFO]   from pom.xml
[INFO] --------------------------------[ jar ]---------------------------------
[INFO] 
[INFO] >>> spring-boot:3.5.16:run (default-cli) > test-compile @ api >>>
[INFO] 
[INFO] --- resources:3.3.1:resources (default-resources) @ api ---
[INFO] Copying 1 resource from src\main\resources to target\classes
[INFO] Copying 0 resource from src\main\resources to target\classes
[INFO] 
[INFO] --- compiler:3.14.1:compile (default-compile) @ api ---
[INFO] Nothing to compile - all classes are up to date.
[INFO] 
[INFO] --- resources:3.3.1:testResources (default-testResources) @ api ---
[INFO] skip non existing resourceDirectory C:\Gowthami\LaunchCode\Unit 2 Project\SignMeUp_FullStack\api\src\test\resources
[INFO] 
[INFO] --- compiler:3.14.1:testCompile (default-testCompile) @ api ---
[INFO] Nothing to compile - all classes are up to date.
[INFO] 
[INFO] <<< spring-boot:3.5.16:run (default-cli) < test-compile @ api <<<
[INFO] 
[INFO] 
[INFO] --- spring-boot:3.5.16:run (default-cli) @ api ---
[INFO] Attaching agents: []

  .   ____          _            __ _ _
 /\\ / ___'_ __ _ _(_)_ __  __ _ \ \ \ \
( ( )\___ | '_ | '_| | '_ \/ _` | \ \ \ \
 \\/  ___)| |_)| | | | | || (_| |  ) ) ) )
  '  |____| .__|_| |_|_| |_\__, | / / / /
 =========|_|==============|___/=/_/_/_/

 :: Spring Boot ::               (v3.5.16)

2026-09-07T17:46:50.467-05:00  INFO 15800 --- [api] [  restartedMain] com.signmeup.api.ApiApplication          : Starting ApiApplication using Java 21.0.10 with PID 15800 (C:\Gowthami\LaunchCode\Unit 2 Project\SignMeUp_FullStack\api\target\classes started by harig in C:\Gowthami\LaunchCode\Unit 2 Project\SignMeUp_FullStack\api)
2026-09-07T17:46:50.473-05:00  INFO 15800 --- [api] [  restartedMain] com.signmeup.api.ApiApplication          : No active profile set, falling back to 1 default profile: "default"
2026-09-07T17:46:50.524-05:00  INFO 15800 --- [api] [  restartedMain] .e.DevToolsPropertyDefaultsPostProcessor : Devtools property defaults active! Set 'spring.devtools.add-properties' to 'false' to disable
2026-09-07T17:46:50.527-05:00  INFO 15800 --- [api] [  restartedMain] .e.DevToolsPropertyDefaultsPostProcessor : For additional web related logging consider setting the 'logging.level.web' property to 'DEBUG'
2026-09-07T17:46:51.210-05:00  INFO 15800 --- [api] [  restartedMain] .s.d.r.c.RepositoryConfigurationDelegate : Bootstrapping Spring Data JPA repositories in DEFAULT mode.
2026-09-07T17:46:51.292-05:00  INFO 15800 --- [api] [  restartedMain] .s.d.r.c.RepositoryConfigurationDelegate : Finished Spring Data repository scanning in 66 ms. Found 7 JPA repository interfaces.
2026-09-07T17:46:51.862-05:00  INFO 15800 --- [api] [  restartedMain] o.s.b.w.embedded.tomcat.TomcatWebServer  : Tomcat initialized with port 8080 (http)
2026-09-07T17:46:51.877-05:00  INFO 15800 --- [api] [  restartedMain] o.apache.catalina.core.StandardService   : Starting service [Tomcat]
2026-09-07T17:46:51.877-05:00  INFO 15800 --- [api] [  restartedMain] o.apache.catalina.core.StandardEngine    : Starting Servlet engine: [Apache Tomcat/10.1.55]
2026-09-07T17:46:51.928-05:00  INFO 15800 --- [api] [  restartedMain] o.a.c.c.C.[Tomcat].[localhost].[/]       : Initializing Spring embedded WebApplicationContext
2026-09-07T17:46:51.928-05:00  INFO 15800 --- [api] [  restartedMain] w.s.c.ServletWebServerApplicationContext : Root WebApplicationContext: initialization completed in 1400 ms
2026-09-07T17:46:52.094-05:00  INFO 15800 --- [api] [  restartedMain] o.hibernate.jpa.internal.util.LogHelper  : HHH000204: Processing PersistenceUnitInfo [name: default]
2026-09-07T17:46:52.156-05:00  INFO 15800 --- [api] [  restartedMain] org.hibernate.Version                    : HHH000412: Hibernate ORM core version 6.6.53.Final
2026-09-07T17:46:52.184-05:00  INFO 15800 --- [api] [  restartedMain] o.h.c.internal.RegionFactoryInitiator    : HHH000026: Second-level cache disabled
2026-09-07T17:46:52.447-05:00  INFO 15800 --- [api] [  restartedMain] o.s.o.j.p.SpringPersistenceUnitInfo      : No LoadTimeWeaver setup: ignoring JPA class transformer
2026-09-07T17:46:52.473-05:00  INFO 15800 --- [api] [  restartedMain] com.zaxxer.hikari.HikariDataSource       : HikariPool-1 - Starting...
2026-09-07T17:46:52.826-05:00  INFO 15800 --- [api] [  restartedMain] com.zaxxer.hikari.pool.HikariPool        : HikariPool-1 - Added connection com.mysql.cj.jdbc.ConnectionImpl@2f4dca9a
2026-09-07T17:46:52.826-05:00  INFO 15800 --- [api] [  restartedMain] com.zaxxer.hikari.HikariDataSource       : HikariPool-1 - Start completed.
2026-09-07T17:46:52.910-05:00  INFO 15800 --- [api] [  restartedMain] org.hibernate.orm.connections.pooling    : HHH10001005: Database info:
	Database JDBC URL [Connecting through datasource 'HikariDataSource (HikariPool-1)']
	Database driver: undefined/unknown
	Database version: 9.7
	Autocommit mode: undefined/unknown
	Isolation level: undefined/unknown
	Minimum pool size: undefined/unknown
	Maximum pool size: undefined/unknown
2026-09-07T17:46:53.877-05:00  INFO 15800 --- [api] [  restartedMain] o.h.e.t.j.p.i.JtaPlatformInitiator       : HHH000489: No JTA platform available (set 'hibernate.transaction.jta.platform' to enable JTA platform integration)
2026-09-07T17:46:53.977-05:00  INFO 15800 --- [api] [  restartedMain] j.LocalContainerEntityManagerFactoryBean : Initialized JPA EntityManagerFactory for persistence unit 'default'
2026-09-07T17:46:54.279-05:00  INFO 15800 --- [api] [  restartedMain] o.s.d.j.r.query.QueryEnhancerFactory     : Hibernate is in classpath; If applicable, HQL parser will be used.
2026-09-07T17:46:55.127-05:00  WARN 15800 --- [api] [  restartedMain] JpaBaseConfiguration$JpaWebConfiguration : spring.jpa.open-in-view is enabled by default. Therefore, database queries may be performed during view rendering. Explicitly configure spring.jpa.open-in-view to disable this warning
2026-09-07T17:46:55.165-05:00  WARN 15800 --- [api] [  restartedMain] .s.s.UserDetailsServiceAutoConfiguration : 

Using generated security password: 558ddd44-db33-499e-80e7-58bda7203b34

This generated password is for development use only. Your security configuration must be updated before running your application in production.

2026-09-07T17:46:55.171-05:00  INFO 15800 --- [api] [  restartedMain] r$InitializeUserDetailsManagerConfigurer : Global AuthenticationManager configured with UserDetailsService bean with name inMemoryUserDetailsManager
2026-09-07T17:46:55.756-05:00  INFO 15800 --- [api] [  restartedMain] o.s.b.d.a.OptionalLiveReloadServer       : LiveReload server is running on port 35729
2026-09-07T17:46:55.798-05:00  INFO 15800 --- [api] [  restartedMain] o.s.b.w.embedded.tomcat.TomcatWebServer  : Tomcat started on port 8080 (http) with context path '/'
2026-09-07T17:46:55.806-05:00  INFO 15800 --- [api] [  restartedMain] com.signmeup.api.ApiApplication          : Started ApiApplication in 5.764 seconds (process running for 6.15)
2026-09-07T17:47:01.859-05:00  INFO 15800 --- [api] [nio-8080-exec-1] o.a.c.c.C.[Tomcat].[localhost].[/]       : Initializing Spring DispatcherServlet 'dispatcherServlet'
2026-09-07T17:47:01.859-05:00  INFO 15800 --- [api] [nio-8080-exec-1] o.s.web.servlet.DispatcherServlet        : Initializing Servlet 'dispatcherServlet'
2026-09-07T17:47:01.875-05:00  INFO 15800 --- [api] [nio-8080-exec-1] o.s.web.servlet.DispatcherServlet        : Completed initialization in 16 ms
